      692.34 real       690.99 user         1.12 sys
